Archive member included to satisfy reference by file (symbol)

/Applications/CrossWorks for ARM 4.10/lib/libc_v6m_t_le_eabi.a(libvfprintf.o)
                              (__vfprintf_float_long_long)
/Applications/CrossWorks for ARM 4.10/lib/libc_v6m_t_le_eabi.a(libvfscanf.o)
                              (__vfscanf_float_long_long_cc)
/Applications/CrossWorks for ARM 4.10/lib/libc_v6m_t_le_eabi.a(libc_asm.o)
                              /Applications/CrossWorks for ARM 4.10/lib/libc_v6m_t_le_eabi.a(libvfprintf.o) (__aeabi_uldivmod)
/Applications/CrossWorks for ARM 4.10/lib/libc_v6m_t_le_eabi.a(libc2.o)
                              /Applications/CrossWorks for ARM 4.10/lib/libc_v6m_t_le_eabi.a(libvfscanf.o) (__getc)
/Applications/CrossWorks for ARM 4.10/lib/libc_v6m_t_le_eabi.a(libc2_asm.o)
                              /Applications/CrossWorks for ARM 4.10/lib/libc_v6m_t_le_eabi.a(libc2.o) (memcpy)
/Applications/CrossWorks for ARM 4.10/lib/libc_v6m_t_le_eabi.a(libc.o)
                              /Applications/CrossWorks for ARM 4.10/lib/libc_v6m_t_le_eabi.a(libc2.o) (__heap_lock)
/Applications/CrossWorks for ARM 4.10/lib/libdebugio_v6m_t_le_eabi.a(libdebugio.o)
                              STM32TestProject THUMB Debug/main.o (debug_exit)
/Applications/CrossWorks for ARM 4.10/lib/libdebugio_v6m_t_le_eabi.a(libdebugio_asm.o)
                              STM32TestProject THUMB Debug/main.o (debug_printf)
/Applications/CrossWorks for ARM 4.10/lib/libdebugio_v6m_t_le_eabi.a(do_nv_debug_operation.o)
                              /Applications/CrossWorks for ARM 4.10/lib/libdebugio_v6m_t_le_eabi.a(libdebugio.o) (__do_nvdebug_operation)
/Applications/CrossWorks for ARM 4.10/lib/libdebugio_v6m_t_le_eabi.a(mempoll_debug_operations.o)
                              (__do_debug_operation_mempoll)
/Applications/CrossWorks for ARM 4.10/lib/libm_v6m_t_le_eabi.a(libm_asm.o)
                              /Applications/CrossWorks for ARM 4.10/lib/libc_v6m_t_le_eabi.a(libc2.o) (__aeabi_i2f)
/Applications/CrossWorks for ARM 4.10/lib/libm_v6m_t_le_eabi.a(libm2.o)
                              /Applications/CrossWorks for ARM 4.10/lib/libc_v6m_t_le_eabi.a(libvfprintf.o) (frexp)
/Applications/CrossWorks for ARM 4.10/lib/libm_v6m_t_le_eabi.a(libm2_asm.o)
                              /Applications/CrossWorks for ARM 4.10/lib/libm_v6m_t_le_eabi.a(libm2.o) (fabs)

Discarded input sections

 .group         0x0000000000000000        0xc STM32TestProject THUMB Debug/main.o
 .group         0x0000000000000000        0xc STM32TestProject THUMB Debug/main.o
 .group         0x0000000000000000        0xc STM32TestProject THUMB Debug/main.o
 .text          0x0000000000000000        0x0 STM32TestProject THUMB Debug/main.o
 .data          0x0000000000000000        0x0 STM32TestProject THUMB Debug/main.o
 .bss           0x0000000000000000        0x0 STM32TestProject THUMB Debug/main.o
 .text          0x0000000000000000        0x0 STM32TestProject THUMB Debug/STM32_Startup.o
 .data          0x0000000000000000        0x0 STM32TestProject THUMB Debug/STM32_Startup.o
 .bss           0x0000000000000000        0x0 STM32TestProject THUMB Debug/STM32_Startup.o
 .text          0x0000000000000000        0x0 STM32TestProject THUMB Debug/thumb_crt0.o
 .data          0x0000000000000000        0x0 STM32TestProject THUMB Debug/thumb_crt0.o
 .bss           0x0000000000000000        0x0 STM32TestProject THUMB Debug/thumb_crt0.o
 .text.__aeabi_read_tp
                0x0000000000000000        0x8 STM32TestProject THUMB Debug/thumb_crt0.o
 .text.abort    0x0000000000000000        0x2 STM32TestProject THUMB Debug/thumb_crt0.o
 .text.__assert
                0x0000000000000000        0x2 STM32TestProject THUMB Debug/thumb_crt0.o
 .text.__assert_func
                0x0000000000000000        0x2 STM32TestProject THUMB Debug/thumb_crt0.o
 .text.__aeabi_assert
                0x0000000000000000        0x2 STM32TestProject THUMB Debug/thumb_crt0.o
 .text.__sync_synchronize
                0x0000000000000000        0x2 STM32TestProject THUMB Debug/thumb_crt0.o
 .stack         0x0000000000000000        0x0 STM32TestProject THUMB Debug/thumb_crt0.o
 .stack_process
                0x0000000000000000        0x0 STM32TestProject THUMB Debug/thumb_crt0.o
 .heap          0x0000000000000000        0x0 STM32TestProject THUMB Debug/thumb_crt0.o
 .text          0x0000000000000000        0x0 /Applications/CrossWorks for ARM 4.10/lib/libc_v6m_t_le_eabi.a(libvfprintf.o)
 .data          0x0000000000000000        0x0 /Applications/CrossWorks for ARM 4.10/lib/libc_v6m_t_le_eabi.a(libvfprintf.o)
 .bss           0x0000000000000000        0x0 /Applications/CrossWorks for ARM 4.10/lib/libc_v6m_t_le_eabi.a(libvfprintf.o)
 .text.libc     0x0000000000000000        0x0 /Applications/CrossWorks for ARM 4.10/lib/libc_v6m_t_le_eabi.a(libvfprintf.o)
 .rodata.libc.__vfprintf_int.str1.4
[...]
Memory Configuration

Name             Origin             Length             Attributes
UNPLACED_SECTIONS 0x0000000100000000 0x0000000000000000 xw
FLASH            0x0000000008000000 0x0000000000008000 xr
SYSTEM           0x000000001fffc400 0x0000000000003400 xw
OPTION           0x000000001ffff800 0x0000000000000400 xw
RAM              0x0000000020000000 0x0000000000001800 xw
APB1             0x0000000040000000 0x0000000000008000 xw
APB2             0x0000000040010000 0x0000000000008000 xw
AHB1             0x0000000040020000 0x0000000000004400 xw
AHB2             0x0000000048000000 0x0000000000001800 xw
PPB              0x00000000e0000000 0x0000000000100000 xw
*default*        0x0000000000000000 0xffffffffffffffff

Linker script and memory map

                0x0000000008000000                __FLASH_segment_start__ = 0x8000000
                0x0000000008008000                __FLASH_segment_end__ = 0x8008000
                0x0000000000008000                __FLASH_segment_size__ = 0x8000
                0x000000001fffc400                __SYSTEM_segment_start__ = 0x1fffc400
                0x000000001ffff800                __SYSTEM_segment_end__ = 0x1ffff800
                0x0000000000003400                __SYSTEM_segment_size__ = 0x3400
                0x000000001ffff800                __OPTION_segment_start__ = 0x1ffff800
                0x000000001ffffc00                __OPTION_segment_end__ = 0x1ffffc00
                0x0000000000000400                __OPTION_segment_size__ = 0x400
                0x0000000020000000                __RAM_segment_start__ = 0x20000000
                0x0000000020001800                __RAM_segment_end__ = 0x20001800
                0x0000000000001800                __RAM_segment_size__ = 0x1800
                0x0000000040000000                __APB1_segment_start__ = 0x40000000
                0x0000000040008000                __APB1_segment_end__ = 0x40008000
                0x0000000000008000                __APB1_segment_size__ = 0x8000
                0x0000000040010000                __APB2_segment_start__ = 0x40010000
                0x0000000040018000                __APB2_segment_end__ = 0x40018000
                0x0000000000008000                __APB2_segment_size__ = 0x8000
                0x0000000040020000                __AHB1_segment_start__ = 0x40020000
                0x0000000040024400                __AHB1_segment_end__ = 0x40024400
                0x0000000000004400                __AHB1_segment_size__ = 0x4400
                0x0000000048000000                __AHB2_segment_start__ = 0x48000000
                0x0000000048001800                __AHB2_segment_end__ = 0x48001800
                0x0000000000001800                __AHB2_segment_size__ = 0x1800
                0x00000000e0000000                __PPB_segment_start__ = 0xe0000000
                0x00000000e0100000                __PPB_segment_end__ = 0xe0100000
                0x0000000000100000                __PPB_segment_size__ = 0x100000
                0x0000000000000080                __HEAPSIZE__ = 0x80
                0x0000000000000000                __STACKSIZE_ABT__ = 0x0
                0x0000000000000000                __STACKSIZE_FIQ__ = 0x0
                0x0000000000000000                __STACKSIZE_IRQ__ = 0x0
                0x0000000000000000                __STACKSIZE_PROCESS__ = 0x0
                0x0000000000000000                __STACKSIZE_SVC__ = 0x0
                0x0000000000000000                __STACKSIZE_UND__ = 0x0
                0x0000000000000100                __STACKSIZE__ = 0x100
                0x00000000080002c4                __do_debug_operation = __do_debug_operation_mempoll
                0x0000000000000000                __vfprintf = __vfprintf_float_long_long
                0x0000000000000000                __vfscanf = __vfscanf_float_long_long_cc
                0x0000000020000000                __vectors_ram_load_start__ = ALIGN (__RAM_segment_start__, 0x100)

.vectors_ram    0x0000000020000000        0x0
                0x0000000020000000                __vectors_ram_start__ = .
 *(.vectors_ram .vectors_ram.*)
                0x0000000020000000                __vectors_ram_end__ = (__vectors_ram_start__ + SIZEOF (.vectors_ram))
                0x0000000000000000                __vectors_ram_size__ = SIZEOF (.vectors_ram)
                0x0000000020000000                __vectors_ram_load_end__ = __vectors_ram_end__
                0x0000000000000001                . = ASSERT (((__vectors_ram_start__ == __vectors_ram_end__) || ((__vectors_ram_end__ - __RAM_segment_start__) <= __RAM_segment_size__)), error: .vectors_ram is too large to fit in RAM memory segment)
                0x0000000008000000                __vectors_load_start__ = ALIGN (__FLASH_segment_start__, 0x100)

.vectors        0x0000000008000000       0xc0
                0x0000000008000000                __vectors_start__ = .
 *(.vectors .vectors.*)
 .vectors       0x0000000008000000       0xc0 STM32TestProject THUMB Debug/STM32_Startup.o
                0x0000000008000000                _vectors
                0x00000000080000c0                __vectors_end__ = (__vectors_start__ + SIZEOF (.vectors))
                0x00000000000000c0                __vectors_size__ = SIZEOF (.vectors)
                0x00000000080000c0                __vectors_load_end__ = __vectors_end__
                0x0000000000000001                . = ASSERT (((__vectors_start__ == __vectors_end__) || ((__vectors_end__ - __FLASH_segment_start__) <= __FLASH_segment_size__)), error: .vectors is too large to fit in FLASH memory segment)
                0x00000000080000c0                __init_load_start__ = ALIGN (__vectors_end__, 0x4)

.init           0x00000000080000c0      0x1c8
                0x00000000080000c0                __init_start__ = .
 *(.init .init.*)
 .init          0x00000000080000c0       0x58 STM32TestProject THUMB Debug/STM32_Startup.o
                0x00000000080000c0                NMI_Handler
                0x00000000080000c2                HardFault_Handler
                0x00000000080000c4                MemManage_Handler
                0x00000000080000c6                BusFault_Handler
                0x00000000080000c8                UsageFault_Handler
                0x00000000080000ca                SVC_Handler
                0x00000000080000cc                DebugMon_Handler
                0x00000000080000ce                PendSV_Handler
                0x00000000080000d0                SysTick_Handler
                0x00000000080000d2                WWDG_IRQHandler
                0x00000000080000d4                PVD_VDDIO2_IRQHandler
                0x00000000080000d6                RTC_IRQHandler
                0x00000000080000d8                FLASH_IRQHandler
                0x00000000080000da                RCC_CRS_IRQHandler
                0x00000000080000dc                EXTI0_1_IRQHandler
                0x00000000080000de                EXTI2_3_IRQHandler
                0x00000000080000e0                EXTI4_15_IRQHandler
                0x00000000080000e2                TSC_IRQHandler
                0x00000000080000e4                DMA1_Channel1_IRQHandler
                0x00000000080000e6                DMA1_Channel2_3_IRQHandler
                0x00000000080000e8                DMA1_Channel4_5_IRQHandler
                0x00000000080000ea                ADC1_IRQHandler
                0x00000000080000ec                TIM1_BRK_UP_TRG_COM_IRQHandler
                0x00000000080000ee                TIM1_CC_IRQHandler
                0x00000000080000f0                TIM2_IRQHandler
                0x00000000080000f2                TIM3_IRQHandler
                0x00000000080000f4                TIM14_IRQHandler
                0x00000000080000f6                TIM16_IRQHandler
                0x00000000080000f8                TIM17_IRQHandler
                0x00000000080000fa                I2C1_IRQHandler
                0x00000000080000fc                SPI1_IRQHandler
                0x00000000080000fe                SPI2_IRQHandler
                0x0000000008000100                USART1_IRQHandler
                0x0000000008000102                USART2_IRQHandler
                0x0000000008000104                CEC_CAN_IRQHandler
                0x0000000008000106                USB_IRQHandler
                0x0000000008000108                reset_handler
                0x0000000008000112                SystemInit
 .init          0x0000000008000118      0x170 STM32TestProject THUMB Debug/thumb_crt0.o
                0x0000000008000118                _start
                0x00000000080001c8                exit
                0x0000000008000288                __init_end__ = (__init_start__ + SIZEOF (.init))
                0x00000000000001c8                __init_size__ = SIZEOF (.init)
                0x0000000008000288                __init_load_end__ = __init_end__
                0x0000000000000001                . = ASSERT (((__init_start__ == __init_end__) || ((__init_end__ - __FLASH_segment_start__) <= __FLASH_segment_size__)), error: .init is too large to fit in FLASH memory segment)
                0x0000000008000288                __init_rodata_load_start__ = ALIGN (__init_end__, 0x4)

.init_rodata    0x0000000008000288        0x0
                0x0000000008000288                __init_rodata_start__ = .
 *(.init_rodata .init_rodata.*)
                0x0000000008000288                __init_rodata_end__ = (__init_rodata_start__ + SIZEOF (.init_rodata))
                0x0000000000000000                __init_rodata_size__ = SIZEOF (.init_rodata)
                0x0000000008000288                __init_rodata_load_end__ = __init_rodata_end__
                0x0000000000000001                . = ASSERT (((__init_rodata_start__ == __init_rodata_end__) || ((__init_rodata_end__ - __FLASH_segment_start__) <= __FLASH_segment_size__)), error: .init_rodata is too large to fit in FLASH memory segment)
                0x0000000008000288                __text_load_start__ = ALIGN (__init_rodata_end__, 0x4)

.text           0x0000000008000288       0x6c
                0x0000000008000288                __text_start__ = .
 *(.text .text.* .gnu.linkonce.t.* .glue_7t .glue_7 .gcc_except_table .ARM.extab* .gnu.linkonce.armextab.*)
 .glue_7        0x0000000008000288        0x0 linker stubs
 .glue_7t       0x0000000008000288        0x0 linker stubs
 .text.main     0x0000000008000288       0x18 STM32TestProject THUMB Debug/main.o
                0x0000000008000288                main
 .text.libdebugio.debug_exit
                0x00000000080002a0        0xc /Applications/CrossWorks for ARM 4.10/lib/libdebugio_v6m_t_le_eabi.a(libdebugio.o)
                0x00000000080002a0                debug_exit
 .text.libdebugio.__debug_io_lock
                0x00000000080002ac        0x2 /Applications/CrossWorks for ARM 4.10/lib/libdebugio_v6m_t_le_eabi.a(libdebugio.o)
                0x00000000080002ac                __debug_io_lock
 .text.libdebugio.__debug_io_unlock
                0x00000000080002ae        0x2 /Applications/CrossWorks for ARM 4.10/lib/libdebugio_v6m_t_le_eabi.a(libdebugio.o)
                0x00000000080002ae                __debug_io_unlock
 .text.libc.debug_printf
                0x00000000080002b0       0x12 /Applications/CrossWorks for ARM 4.10/lib/libdebugio_v6m_t_le_eabi.a(libdebugio_asm.o)
                0x00000000080002b0                debug_printf
 *fill*         0x00000000080002c2        0x2 
 .text.libdebugio.__do_debug_operation_mempoll
                0x00000000080002c4       0x30 /Applications/CrossWorks for ARM 4.10/lib/libdebugio_v6m_t_le_eabi.a(mempoll_debug_operations.o)
                0x00000000080002c4                __do_debug_operation_mempoll
                0x00000000080002f4                __text_end__ = (__text_start__ + SIZEOF (.text))
                0x000000000000006c                __text_size__ = SIZEOF (.text)
                0x00000000080002f4                __text_load_end__ = __text_end__

.vfp11_veneer   0x0000000100000000        0x0
 .vfp11_veneer  0x0000000100000000        0x0 linker stubs

.v4_bx          0x0000000100000000        0x0
 .v4_bx         0x0000000100000000        0x0 linker stubs

.iplt           0x0000000100000000        0x0
 .iplt          0x0000000100000000        0x0 STM32TestProject THUMB Debug/main.o
                0x0000000000000001                . = ASSERT (((__text_start__ == __text_end__) || ((__text_end__ - __FLASH_segment_start__) <= __FLASH_segment_size__)), error: .text is too large to fit in FLASH memory segment)
                0x00000000080002f4                __dtors_load_start__ = ALIGN (__text_end__, 0x4)

.dtors          0x00000000080002f4        0x0
                0x00000000080002f4                __dtors_start__ = .
 *(SORT_BY_NAME(.dtors.*))
 *(.dtors)
 *(.fini_array)
 *(SORT_BY_NAME(.fini_array.*))
                0x00000000080002f4                __dtors_end__ = (__dtors_start__ + SIZEOF (.dtors))
                0x0000000000000000                __dtors_size__ = SIZEOF (.dtors)
                0x00000000080002f4                __dtors_load_end__ = __dtors_end__
                0x0000000000000001                . = ASSERT (((__dtors_start__ == __dtors_end__) || ((__dtors_end__ - __FLASH_segment_start__) <= __FLASH_segment_size__)), error: .dtors is too large to fit in FLASH memory segment)
                0x00000000080002f4                __ctors_load_start__ = ALIGN (__dtors_end__, 0x4)

.ctors          0x00000000080002f4        0x0
                0x00000000080002f4                __ctors_start__ = .
 *(SORT_BY_NAME(.ctors.*))
 *(.ctors)
 *(.init_array)
 *(SORT_BY_NAME(.init_array.*))
                0x00000000080002f4                __ctors_end__ = (__ctors_start__ + SIZEOF (.ctors))
                0x0000000000000000                __ctors_size__ = SIZEOF (.ctors)
                0x00000000080002f4                __ctors_load_end__ = __ctors_end__
                0x0000000000000001                . = ASSERT (((__ctors_start__ == __ctors_end__) || ((__ctors_end__ - __FLASH_segment_start__) <= __FLASH_segment_size__)), error: .ctors is too large to fit in FLASH memory segment)
                0x00000000080002f4                __rodata_load_start__ = ALIGN (__ctors_end__, 0x4)

.rodata         0x00000000080002f4        0xd
                0x00000000080002f4                __rodata_start__ = .
 *(.rodata .rodata.* .gnu.linkonce.r.*)
 .rodata        0x00000000080002f4        0xd STM32TestProject THUMB Debug/main.o
                0x0000000008000301                __rodata_end__ = (__rodata_start__ + SIZEOF (.rodata))
                0x000000000000000d                __rodata_size__ = SIZEOF (.rodata)
                0x0000000008000301                __rodata_load_end__ = __rodata_end__

.rel.dyn        0x0000000008000000        0x0
 .rel.iplt      0x0000000008000000        0x0 STM32TestProject THUMB Debug/main.o
                0x0000000000000001                . = ASSERT (((__rodata_start__ == __rodata_end__) || ((__rodata_end__ - __FLASH_segment_start__) <= __FLASH_segment_size__)), error: .rodata is too large to fit in FLASH memory segment)
                0x0000000008000304                __ARM.exidx_load_start__ = ALIGN (__rodata_end__, 0x4)

.ARM.exidx      0x0000000008000304        0x0
                0x0000000008000304                __ARM.exidx_start__ = .
                0x0000000008000304                __exidx_start = __ARM.exidx_start__
 *(.ARM.exidx .ARM.exidx.*)
                0x0000000008000304                __ARM.exidx_end__ = (__ARM.exidx_start__ + SIZEOF (.ARM.exidx))
                0x0000000000000000                __ARM.exidx_size__ = SIZEOF (.ARM.exidx)
                0x0000000008000304                __exidx_end = __ARM.exidx_end__
                0x0000000008000304                __ARM.exidx_load_end__ = __ARM.exidx_end__
                0x0000000000000001                . = ASSERT (((__ARM.exidx_start__ == __ARM.exidx_end__) || ((__ARM.exidx_end__ - __FLASH_segment_start__) <= __FLASH_segment_size__)), error: .ARM.exidx is too large to fit in FLASH memory segment)
                0x0000000008000304                __fast_load_start__ = ALIGN (__ARM.exidx_end__, 0x4)

.fast           0x0000000020000000        0x0 load address 0x0000000008000304
                0x0000000020000000                __fast_start__ = .
 *(.fast .fast.*)
                0x0000000020000000                __fast_end__ = (__fast_start__ + SIZEOF (.fast))
                0x0000000000000000                __fast_size__ = SIZEOF (.fast)
                0x0000000008000304                __fast_load_end__ = (__fast_load_start__ + SIZEOF (.fast))
                0x0000000000000001                . = ASSERT (((__fast_load_start__ == __fast_load_end__) || ((__fast_load_end__ - __FLASH_segment_start__) <= __FLASH_segment_size__)), error: .fast is too large to fit in FLASH memory segment)

.fast_run       0x0000000020000000        0x0
                0x0000000020000000                __fast_run_start__ = .
                0x0000000020000000                __fast_run_end__ = (__fast_run_start__ + SIZEOF (.fast))
                0x0000000000000000                __fast_run_size__ = (__fast_run_end__ - __fast_run_start__)
                0x0000000020000000                __fast_run_load_end__ = __fast_run_end__
                0x0000000000000001                . = ASSERT (((__fast_run_start__ == __fast_run_end__) || ((__fast_run_end__ - __RAM_segment_start__) <= __RAM_segment_size__)), error: .fast_run is too large to fit in RAM memory segment)
                0x0000000008000304                __data_load_start__ = ALIGN ((__fast_load_start__ + SIZEOF (.fast)), 0x4)

.data           0x0000000020000000        0x0 load address 0x0000000008000304
                0x0000000020000000                __data_start__ = .
 *(.data .data.* .gnu.linkonce.d.*)
                0x0000000020000000                __data_end__ = (__data_start__ + SIZEOF (.data))
                0x0000000000000000                __data_size__ = SIZEOF (.data)
                0x0000000008000304                __data_load_end__ = (__data_load_start__ + SIZEOF (.data))

.igot.plt       0x0000000100000000        0x0
 .igot.plt      0x0000000100000000        0x0 STM32TestProject THUMB Debug/main.o
                0x0000000000000001                . = ASSERT (((__data_load_start__ == __data_load_end__) || ((__data_load_end__ - __FLASH_segment_start__) <= __FLASH_segment_size__)), error: .data is too large to fit in FLASH memory segment)

.data_run       0x0000000020000000        0x0
                0x0000000020000000                __data_run_start__ = .
                0x0000000020000000                __data_run_end__ = (__data_run_start__ + SIZEOF (.data))
                0x0000000000000000                __data_run_size__ = (__data_run_end__ - __data_run_start__)
                0x0000000020000000                __data_run_load_end__ = __data_run_end__
                0x0000000000000001                . = ASSERT (((__data_run_start__ == __data_run_end__) || ((__data_run_end__ - __RAM_segment_start__) <= __RAM_segment_size__)), error: .data_run is too large to fit in RAM memory segment)
                0x0000000020000000                __bss_load_start__ = ALIGN (__data_run_end__, 0x4)

.bss            0x0000000020000000        0x8
                0x0000000020000000                __bss_start__ = .
 *(.bss .bss.* .gnu.linkonce.b.*)
 .bss.libdebugio.dbgCommWord
                0x0000000020000000        0x4 /Applications/CrossWorks for ARM 4.10/lib/libdebugio_v6m_t_le_eabi.a(mempoll_debug_operations.o)
                0x0000000020000000                dbgCommWord
 .bss.libdebugio.dbgCntrlWord_mempoll
                0x0000000020000004        0x4 /Applications/CrossWorks for ARM 4.10/lib/libdebugio_v6m_t_le_eabi.a(mempoll_debug_operations.o)
                0x0000000020000004                dbgCntrlWord_mempoll
 *(COMMON)
                0x0000000020000008                __bss_end__ = (__bss_start__ + SIZEOF (.bss))
                0x0000000000000008                __bss_size__ = SIZEOF (.bss)
                0x0000000020000008                __bss_load_end__ = __bss_end__
                0x0000000000000001                . = ASSERT (((__bss_start__ == __bss_end__) || ((__bss_end__ - __RAM_segment_start__) <= __RAM_segment_size__)), error: .bss is too large to fit in RAM memory segment)
                0x0000000020000008                __tbss_load_start__ = ALIGN (__bss_end__, 0x4)

.tbss           0x0000000020000008        0x0
                0x0000000020000008                __tbss_start__ = .
 *(.tbss .tbss.*)
                0x0000000020000008                __tbss_end__ = (__tbss_start__ + SIZEOF (.tbss))
                0x0000000000000000                __tbss_size__ = SIZEOF (.tbss)
                0x0000000020000008                __tbss_load_end__ = __tbss_end__
                0x0000000000000001                . = ASSERT (((__tbss_start__ == __tbss_end__) || ((__tbss_end__ - __RAM_segment_start__) <= __RAM_segment_size__)), error: .tbss is too large to fit in RAM memory segment)
                0x0000000008000304                __tdata_load_start__ = ALIGN ((__data_load_start__ + SIZEOF (.data)), 0x4)

.tdata          0x0000000020000008        0x0 load address 0x0000000008000304
                0x0000000020000008                __tdata_start__ = .
 *(.tdata .tdata.*)
                0x0000000020000008                __tdata_end__ = (__tdata_start__ + SIZEOF (.tdata))
                0x0000000000000000                __tdata_size__ = SIZEOF (.tdata)
                0x0000000008000304                __tdata_load_end__ = (__tdata_load_start__ + SIZEOF (.tdata))
                0x0000000008000304                __FLASH_segment_used_end__ = (ALIGN ((__data_load_start__ + SIZEOF (.data)), 0x4) + SIZEOF (.tdata))
                0x0000000000000304                __FLASH_segment_used_size__ = (__FLASH_segment_used_end__ - __FLASH_segment_start__)
                0x0000000000000001                . = ASSERT (((__tdata_load_start__ == __tdata_load_end__) || ((__tdata_load_end__ - __FLASH_segment_start__) <= __FLASH_segment_size__)), error: .tdata is too large to fit in FLASH memory segment)

.tdata_run      0x0000000020000008        0x0
                0x0000000020000008                __tdata_run_start__ = .
                0x0000000020000008                __tdata_run_end__ = (__tdata_run_start__ + SIZEOF (.tdata))
                0x0000000000000000                __tdata_run_size__ = (__tdata_run_end__ - __tdata_run_start__)
                0x0000000020000008                __tdata_run_load_end__ = __tdata_run_end__
                0x0000000000000001                . = ASSERT (((__tdata_run_start__ == __tdata_run_end__) || ((__tdata_run_end__ - __RAM_segment_start__) <= __RAM_segment_size__)), error: .tdata_run is too large to fit in RAM memory segment)
                0x0000000020000008                __non_init_load_start__ = ALIGN (__tdata_run_end__, 0x4)

.non_init       0x0000000020000008        0x0
                0x0000000020000008                __non_init_start__ = .
 *(.non_init .non_init.*)
                0x0000000020000008                __non_init_end__ = (__non_init_start__ + SIZEOF (.non_init))
                0x0000000000000000                __non_init_size__ = SIZEOF (.non_init)
                0x0000000020000008                __non_init_load_end__ = __non_init_end__
                0x0000000000000001                . = ASSERT (((__non_init_start__ == __non_init_end__) || ((__non_init_end__ - __RAM_segment_start__) <= __RAM_segment_size__)), error: .non_init is too large to fit in RAM memory segment)
                0x0000000020000008                __heap_load_start__ = ALIGN (__non_init_end__, 0x8)

.heap           0x0000000020000008       0x80
                0x0000000020000008                __heap_start__ = .
 *(.heap .heap.*)
                0x0000000020000088                . = ALIGN (MAX ((__heap_start__ + __HEAPSIZE__), .), 0x8)
 *fill*         0x0000000020000008       0x80 
                0x0000000020000088                __heap_end__ = (__heap_start__ + SIZEOF (.heap))
                0x0000000000000080                __heap_size__ = SIZEOF (.heap)
                0x0000000020000088                __heap_load_end__ = __heap_end__
                0x0000000000000001                . = ASSERT (((__heap_start__ == __heap_end__) || ((__heap_end__ - __RAM_segment_start__) <= __RAM_segment_size__)), error: .heap is too large to fit in RAM memory segment)
                0x0000000000000001                . = ASSERT ((__HEAPSIZE__ == ALIGN (__HEAPSIZE__, 0x8)), error: .heap section size does not match alignment)
                0x0000000000000001                . = ASSERT ((__heap_size__ <= __HEAPSIZE__), error: .heap section is larger than specified size)
                0x0000000020000088                __stack_load_start__ = ALIGN (__heap_end__, 0x8)

.stack          0x0000000020000088      0x100
                0x0000000020000088                __stack_start__ = .
 *(.stack .stack.*)
                0x0000000020000188                . = ALIGN (MAX ((__stack_start__ + __STACKSIZE__), .), 0x8)
 *fill*         0x0000000020000088      0x100 
                0x0000000020000188                __stack_end__ = (__stack_start__ + SIZEOF (.stack))
                0x0000000000000100                __stack_size__ = SIZEOF (.stack)
                0x0000000020000188                __stack_load_end__ = __stack_end__
                0x0000000000000001                . = ASSERT (((__stack_start__ == __stack_end__) || ((__stack_end__ - __RAM_segment_start__) <= __RAM_segment_size__)), error: .stack is too large to fit in RAM memory segment)
                0x0000000000000001                . = ASSERT ((__STACKSIZE__ == ALIGN (__STACKSIZE__, 0x8)), error: .stack section size does not match alignment)
                0x0000000000000001                . = ASSERT ((__stack_size__ <= __STACKSIZE__), error: .stack section is larger than specified size)
                0x0000000020000188                __stack_process_load_start__ = ALIGN (__stack_end__, 0x8)

.stack_process  0x0000000020000188        0x0
                0x0000000020000188                __stack_process_start__ = .
 *(.stack_process .stack_process.*)
                0x0000000020000188                . = ALIGN (MAX ((__stack_process_start__ + __STACKSIZE_PROCESS__), .), 0x8)
                0x0000000020000188                __stack_process_end__ = (__stack_process_start__ + SIZEOF (.stack_process))
                0x0000000000000000                __stack_process_size__ = SIZEOF (.stack_process)
                0x0000000020000188                __stack_process_load_end__ = __stack_process_end__
                0x0000000020000188                __RAM_segment_used_end__ = (ALIGN (__stack_end__, 0x8) + SIZEOF (.stack_process))
                0x0000000000000188                __RAM_segment_used_size__ = (__RAM_segment_used_end__ - __RAM_segment_start__)
                0x0000000000000001                . = ASSERT (((__stack_process_start__ == __stack_process_end__) || ((__stack_process_end__ - __RAM_segment_start__) <= __RAM_segment_size__)), error: .stack_process is too large to fit in RAM memory segment)
                0x0000000000000001                . = ASSERT ((__STACKSIZE_PROCESS__ == ALIGN (__STACKSIZE_PROCESS__, 0x8)), error: .stack_process section size does not match alignment)
                0x0000000000000001                . = ASSERT ((__stack_process_size__ <= __STACKSIZE_PROCESS__), error: .stack_process section is larger than specified size)
START GROUP
LOAD STM32TestProject THUMB Debug/main.o
LOAD STM32TestProject THUMB Debug/STM32_Startup.o
LOAD STM32TestProject THUMB Debug/thumb_crt0.o
LOAD /Applications/CrossWorks for ARM 4.10/lib/libm_v6m_t_le_eabi.a
LOAD /Applications/CrossWorks for ARM 4.10/lib/libc_v6m_t_le_eabi.a
LOAD /Applications/CrossWorks for ARM 4.10/lib/libdebugio_v6m_t_le_eabi.a
END GROUP
OUTPUT(/Users/vadim/Local/Navico/Docker/build-pipeline-test/STM32TestProject THUMB Debug/STM32TestProject.elf elf32-littlearm)
LOAD linker stubs

.debug_frame    0x0000000000000000       0x2c
 .debug_frame   0x0000000000000000       0x2c STM32TestProject THUMB Debug/main.o

.debug_info     0x0000000000000000       0xe0
 .debug_info    0x0000000000000000       0x9b STM32TestProject THUMB Debug/main.o
 .debug_info    0x000000000000009b       0x23 STM32TestProject THUMB Debug/STM32_Startup.o
 .debug_info    0x00000000000000be       0x22 STM32TestProject THUMB Debug/thumb_crt0.o

.debug_abbrev   0x0000000000000000       0xb8
 .debug_abbrev  0x0000000000000000       0x92 STM32TestProject THUMB Debug/main.o
 .debug_abbrev  0x0000000000000092       0x14 STM32TestProject THUMB Debug/STM32_Startup.o
 .debug_abbrev  0x00000000000000a6       0x12 STM32TestProject THUMB Debug/thumb_crt0.o

.debug_pubnames
                0x0000000000000000       0x3b
 .debug_pubnames
                0x0000000000000000       0x3b STM32TestProject THUMB Debug/main.o

.debug_pubtypes
                0x0000000000000000       0x6a
 .debug_pubtypes
                0x0000000000000000       0x6a STM32TestProject THUMB Debug/main.o

.debug_aranges  0x0000000000000000       0x90
 .debug_aranges
                0x0000000000000000       0x20 STM32TestProject THUMB Debug/main.o
 .debug_aranges
                0x0000000000000020       0x20 STM32TestProject THUMB Debug/STM32_Startup.o
 .debug_aranges
                0x0000000000000040       0x50 STM32TestProject THUMB Debug/thumb_crt0.o

.debug_ranges   0x0000000000000000       0x58
 .debug_ranges  0x0000000000000000       0x10 STM32TestProject THUMB Debug/main.o
 .debug_ranges  0x0000000000000010       0x48 STM32TestProject THUMB Debug/thumb_crt0.o

.debug_macro    0x0000000000000000      0xc07
 .debug_macro   0x0000000000000000       0x29 STM32TestProject THUMB Debug/main.o
 .debug_macro   0x0000000000000029      0xb20 STM32TestProject THUMB Debug/main.o
 .debug_macro   0x0000000000000b49       0x90 STM32TestProject THUMB Debug/main.o
 .debug_macro   0x0000000000000bd9       0x2e STM32TestProject THUMB Debug/main.o

.debug_line     0x0000000000000000      0x319
 .debug_line    0x0000000000000000       0xbf STM32TestProject THUMB Debug/main.o
 .debug_line    0x00000000000000bf       0xe7 STM32TestProject THUMB Debug/STM32_Startup.o
 .debug_line    0x00000000000001a6      0x173 STM32TestProject THUMB Debug/thumb_crt0.o

.debug_str      0x0000000000000000     0x3141
 .debug_str     0x0000000000000000     0x3063 STM32TestProject THUMB Debug/main.o
                                       0x309f (size before relaxing)
 .debug_str     0x0000000000003063       0xa4 STM32TestProject THUMB Debug/STM32_Startup.o
 .debug_str     0x0000000000003107       0x3a STM32TestProject THUMB Debug/thumb_crt0.o
                                         0x72 (size before relaxing)

.comment        0x0000000000000000       0x3d
 .comment       0x0000000000000000       0x3d STM32TestProject THUMB Debug/main.o
                                         0x3e (size before relaxing)
 .comment       0x000000000000003d       0x3e /Applications/CrossWorks for ARM 4.10/lib/libdebugio_v6m_t_le_eabi.a(libdebugio.o)
 .comment       0x000000000000003d       0x3e /Applications/CrossWorks for ARM 4.10/lib/libdebugio_v6m_t_le_eabi.a(mempoll_debug_operations.o)

.ARM.attributes
                0x0000000000000000       0x2c
 .ARM.attributes
                0x0000000000000000       0x2e STM32TestProject THUMB Debug/main.o
 .ARM.attributes
                0x000000000000002e       0x1b STM32TestProject THUMB Debug/STM32_Startup.o
 .ARM.attributes
                0x0000000000000049       0x1b STM32TestProject THUMB Debug/thumb_crt0.o
 .ARM.attributes
                0x0000000000000064       0x2d /Applications/CrossWorks for ARM 4.10/lib/libdebugio_v6m_t_le_eabi.a(libdebugio.o)
 .ARM.attributes
                0x0000000000000091       0x1b /Applications/CrossWorks for ARM 4.10/lib/libdebugio_v6m_t_le_eabi.a(libdebugio_asm.o)
 .ARM.attributes
                0x00000000000000ac       0x2d /Applications/CrossWorks for ARM 4.10/lib/libdebugio_v6m_t_le_eabi.a(mempoll_debug_operations.o)

.stack_sizes    0x0000000000000000       0x14
 .stack_sizes   0x0000000000000000        0x5 /Applications/CrossWorks for ARM 4.10/lib/libdebugio_v6m_t_le_eabi.a(libdebugio.o)
 .stack_sizes   0x0000000000000005        0x5 /Applications/CrossWorks for ARM 4.10/lib/libdebugio_v6m_t_le_eabi.a(libdebugio.o)
 .stack_sizes   0x000000000000000a        0x5 /Applications/CrossWorks for ARM 4.10/lib/libdebugio_v6m_t_le_eabi.a(libdebugio.o)
 .stack_sizes   0x000000000000000f        0x5 /Applications/CrossWorks for ARM 4.10/lib/libdebugio_v6m_t_le_eabi.a(mempoll_debug_operations.o)
